// Jest Snapshot v1, https://goo.gl/fbAQLP

exports[`get-form should return form by ID 1`] = `
{
  "content": [],
  "structuredContent": {
    "autocompleteAttribute": null,
    "created": "NORMALIZED_DATE",
    "createdBy": 1,
    "createdByName": "MCP API User",
    "cssClass": null,
    "datasource": null,
    "daysToRetainApprovedRecordsFor": 0,
    "daysToRetainRejectedRecordsFor": 0,
    "daysToRetainSubmittedRecordsFor": 0,
    "disableDefaultStylesheet": false,
    "displayDefaultFields": true,
    "entityType": "form",
    "fieldIndicationType": "MarkMandatoryFields",
    "folderId": null,
    "formWorkflows": {
      "onApprove": [],
      "onReject": [],
      "onSubmit": [],
    },
    "goToPageOnSubmit": null,
    "hideFieldValidation": false,
    "id": "00000000-0000-0000-0000-000000000000",
    "indicator": "*",
    "invalidErrorMessage": "",
    "manualApproval": false,
    "messageOnSubmit": "Thank you",
    "messageOnSubmitIsHtml": false,
    "name": "_Test Get Form",
    "nextLabel": null,
    "nodeId": 0,
    "pageCaptionFormat": "",
    "pages": [
      {
        "buttonCondition": null,
        "caption": null,
        "fieldSets": [],
        "form": "00000000-0000-0000-0000-000000000000",
        "id": "00000000-0000-0000-0000-000000000000",
        "sortOrder": 0,
      },
    ],
    "pagingDetailsFormat": "",
    "parentUnique": null,
    "path": "-1,00000000-0000-0000-0000-000000000000",
    "prevLabel": null,
    "requiredErrorMessage": "",
    "selectedDisplayFields": [],
    "showPagingOnMultiPageForms": "None",
    "showSummaryPageOnMultiPageForms": false,
    "showValidationSummary": false,
    "storeRecordsLocally": true,
    "submitLabel": null,
    "summaryLabel": null,
    "unique": "00000000-0000-0000-0000-000000000000",
    "updated": "NORMALIZED_DATE",
    "updatedBy": 1,
    "updatedByName": "MCP API User",
    "validationRules": [],
    "xPathOnSubmit": null,
  },
}
`;
