// Jest Snapshot v1, https://goo.gl/fbAQLP

exports[`get-form-scaffold should return empty form scaffold 1`] = `
{
  "content": [],
  "structuredContent": {
    "autocompleteAttribute": "",
    "created": "NORMALIZED_DATE",
    "createdBy": null,
    "createdByName": null,
    "cssClass": null,
    "datasource": null,
    "daysToRetainApprovedRecordsFor": 0,
    "daysToRetainRejectedRecordsFor": 0,
    "daysToRetainSubmittedRecordsFor": 0,
    "disableDefaultStylesheet": false,
    "displayDefaultFields": true,
    "entityType": "form",
    "fieldIndicationType": "NoIndicator",
    "folderId": null,
    "formWorkflows": {
      "onApprove": [],
      "onReject": [],
      "onSubmit": [
        {
          "active": true,
          "condition": null,
          "form": "00000000-0000-0000-0000-000000000000",
          "id": "00000000-0000-0000-0000-000000000000",
          "includeSensitiveData": "False",
          "isDeleted": false,
          "isMandatory": false,
          "name": "Send template email to mcp-api@localhost",
          "settings": {
            "Attachment": "",
            "BccEmail": "",
            "BodyHtml": "",
            "CcEmail": "",
            "Email": "mcp-api@localhost",
            "FooterHtml": "",
            "HeaderHtml": "",
            "RazorViewFilePath": "Forms/Emails/Example-Template.cshtml",
            "ReplyToEmail": "",
            "SenderEmail": "",
            "Subject": "The Form '{form_name}' was submitted",
          },
          "sortOrder": 1,
          "workflowTypeDescription": "Send the result of the form to an email address/addresses using a Razor .cshtml template",
          "workflowTypeGroup": "Email",
          "workflowTypeIcon": "icon-message",
          "workflowTypeId": "17c61629-d984-4e86-b43b-a8407b3efea9",
          "workflowTypeName": "Send email with template (Razor)",
        },
      ],
    },
    "goToPageOnSubmit": null,
    "hideFieldValidation": false,
    "id": "00000000-0000-0000-0000-000000000000",
    "indicator": "*",
    "invalidErrorMessage": "Please provide a valid value for {0}",
    "manualApproval": false,
    "messageOnSubmit": "Thank you",
    "messageOnSubmitIsHtml": false,
    "name": "",
    "nextLabel": "Next",
    "nodeId": 0,
    "pageCaptionFormat": "Page {0}",
    "pages": [
      {
        "buttonCondition": null,
        "caption": null,
        "fieldSets": [
          {
            "caption": null,
            "condition": null,
            "containers": [
              {
                "caption": null,
                "fields": [
                  {
                    "alias": "dataConsent",
                    "allowMultipleFileUploads": true,
                    "allowedUploadTypes": null,
                    "caption": "Consent for storing submitted data",
                    "condition": null,
                    "containsSensitiveData": false,
                    "cssClass": null,
                    "dataSourceFieldKey": null,
                    "fieldTypeId": "a72c9df9-3847-47cf-afb8-b86773fd12cd",
                    "id": "00000000-0000-0000-0000-000000000000",
                    "invalidErrorMessage": null,
                    "mandatory": true,
                    "preValues": [],
                    "prevalueSourceId": "00000000-0000-0000-0000-000000000000",
                    "regex": null,
                    "requiredErrorMessage": "Consent is required to store and process the data in this form.",
                    "settings": {
                      "AcceptCopy": "Yes, I give permission to store and process my data",
                    },
                    "tooltip": null,
                  },
                ],
                "id": "00000000-0000-0000-0000-000000000000",
                "width": 12,
              },
            ],
            "id": "00000000-0000-0000-0000-000000000000",
            "page": "00000000-0000-0000-0000-000000000000",
            "sortOrder": 0,
          },
        ],
        "form": "00000000-0000-0000-0000-000000000000",
        "id": "00000000-0000-0000-0000-000000000000",
        "sortOrder": 0,
      },
    ],
    "pagingDetailsFormat": "Page {0} of {1}",
    "parentUnique": null,
    "path": "",
    "prevLabel": "Previous",
    "requiredErrorMessage": "Please provide a value for {0}",
    "selectedDisplayFields": [],
    "showPagingOnMultiPageForms": "None",
    "showSummaryPageOnMultiPageForms": false,
    "showValidationSummary": false,
    "storeRecordsLocally": true,
    "submitLabel": "Submit",
    "summaryLabel": "Summary of Entry",
    "unique": "00000000-0000-0000-0000-000000000000",
    "updated": "NORMALIZED_DATE",
    "updatedBy": null,
    "updatedByName": null,
    "validationRules": [],
    "xPathOnSubmit": null,
  },
}
`;
