// Jest Snapshot v1, https://jestjs.io/docs/snapshot-testing

exports[`get-forms-are-referenced should return an empty subset for an unknown form id 1`] = `
{
  "content": [],
  "structuredContent": {
    "items": [],
    "nextCursor": undefined,
    "total": 0,
  },
}
`;

exports[`get-forms-are-referenced should return an empty subset when none of the given forms are referenced 1`] = `
{
  "content": [],
  "structuredContent": {
    "items": [],
    "nextCursor": undefined,
    "total": 0,
  },
}
`;
