// Jest Snapshot v1, https://goo.gl/fbAQLP

exports[`get-form-scaffold-by-template should return scaffold from template 1`] = `
{
  "content": [],
  "structuredContent": {
    "autocompleteAttribute": "",
    "created": "NORMALIZED_DATE",
    "createdBy": null,
    "createdByName": null,
    "cssClass": null,
    "datasource": null,
    "daysToRetainApprovedRecordsFor": 0,
    "daysToRetainRejectedRecordsFor": 0,
    "daysToRetainSubmittedRecordsFor": 0,
    "disableDefaultStylesheet": false,
    "displayDefaultFields": true,
    "entityType": "form",
    "fieldIndicationType": "MarkMandatoryFields",
    "folderId": null,
    "formWorkflows": {
      "onApprove": [],
      "onReject": [],
      "onSubmit": [],
    },
    "goToPageOnSubmit": "0",
    "hideFieldValidation": false,
    "id": "00000000-0000-0000-0000-000000000000",
    "indicator": "*",
    "invalidErrorMessage": "Please provide a valid value for {0}",
    "manualApproval": false,
    "messageOnSubmit": "Thank you",
    "messageOnSubmitIsHtml": false,
    "name": "Contact form",
    "nextLabel": "Next",
    "nodeId": 0,
    "pageCaptionFormat": "Page {0}",
    "pages": [
      {
        "buttonCondition": null,
        "caption": "Contact Us",
        "fieldSets": [
          {
            "caption": null,
            "condition": null,
            "containers": [
              {
                "caption": null,
                "fields": [
                  {
                    "alias": "name",
                    "allowMultipleFileUploads": true,
                    "allowedUploadTypes": null,
                    "caption": "Name",
                    "condition": null,
                    "containsSensitiveData": false,
                    "cssClass": null,
                    "dataSourceFieldKey": null,
                    "fieldTypeId": "3f92e01b-29e2-4a30-bf33-9df5580ed52c",
                    "id": "00000000-0000-0000-0000-000000000000",
                    "invalidErrorMessage": null,
                    "mandatory": false,
                    "preValues": [],
                    "prevalueSourceId": "00000000-0000-0000-0000-000000000000",
                    "regex": null,
                    "requiredErrorMessage": null,
                    "settings": {
                      "DefaultValue": "",
                    },
                    "tooltip": null,
                  },
                  {
                    "alias": "email",
                    "allowMultipleFileUploads": true,
                    "allowedUploadTypes": null,
                    "caption": "Email",
                    "condition": null,
                    "containsSensitiveData": false,
                    "cssClass": null,
                    "dataSourceFieldKey": null,
                    "fieldTypeId": "3f92e01b-29e2-4a30-bf33-9df5580ed52c",
                    "id": "00000000-0000-0000-0000-000000000000",
                    "invalidErrorMessage": null,
                    "mandatory": false,
                    "preValues": [],
                    "prevalueSourceId": "00000000-0000-0000-0000-000000000000",
                    "regex": null,
                    "requiredErrorMessage": null,
                    "settings": {
                      "DefaultValue": "",
                      "FieldType": "email",
                    },
                    "tooltip": null,
                  },
                  {
                    "alias": "message",
                    "allowMultipleFileUploads": true,
                    "allowedUploadTypes": null,
                    "caption": "Message",
                    "condition": null,
                    "containsSensitiveData": false,
                    "cssClass": null,
                    "dataSourceFieldKey": null,
                    "fieldTypeId": "023f09ac-1445-4bcb-b8fa-ab49f33bd046",
                    "id": "00000000-0000-0000-0000-000000000000",
                    "invalidErrorMessage": null,
                    "mandatory": false,
                    "preValues": [],
                    "prevalueSourceId": "00000000-0000-0000-0000-000000000000",
                    "regex": null,
                    "requiredErrorMessage": null,
                    "settings": {
                      "DefaultValue": "",
                    },
                    "tooltip": null,
                  },
                  {
                    "alias": "dataConsent",
                    "allowMultipleFileUploads": true,
                    "allowedUploadTypes": null,
                    "caption": "Consent for storing submitted data",
                    "condition": null,
                    "containsSensitiveData": false,
                    "cssClass": null,
                    "dataSourceFieldKey": null,
                    "fieldTypeId": "a72c9df9-3847-47cf-afb8-b86773fd12cd",
                    "id": "00000000-0000-0000-0000-000000000000",
                    "invalidErrorMessage": null,
                    "mandatory": true,
                    "preValues": [],
                    "prevalueSourceId": "00000000-0000-0000-0000-000000000000",
                    "regex": null,
                    "requiredErrorMessage": "Consent is required to store and process the data in this form.",
                    "settings": {
                      "AcceptCopy": "Yes, I give permission to store and process my data",
                    },
                    "tooltip": null,
                  },
                ],
                "id": "00000000-0000-0000-0000-000000000000",
                "width": 12,
              },
            ],
            "id": "00000000-0000-0000-0000-000000000000",
            "page": "00000000-0000-0000-0000-000000000000",
            "sortOrder": 0,
          },
        ],
        "form": "00000000-0000-0000-0000-000000000000",
        "id": "00000000-0000-0000-0000-000000000000",
        "sortOrder": 0,
      },
    ],
    "pagingDetailsFormat": "Page {0} of {1}",
    "parentUnique": null,
    "path": "",
    "prevLabel": "Prev",
    "requiredErrorMessage": "Please provide a value for {0}",
    "selectedDisplayFields": [],
    "showPagingOnMultiPageForms": "None",
    "showSummaryPageOnMultiPageForms": false,
    "showValidationSummary": false,
    "storeRecordsLocally": true,
    "submitLabel": "Submit",
    "summaryLabel": "Summary of Entry",
    "unique": "00000000-0000-0000-0000-000000000000",
    "updated": "NORMALIZED_DATE",
    "updatedBy": null,
    "updatedByName": null,
    "validationRules": [],
    "xPathOnSubmit": null,
  },
}
`;
