// Jest Snapshot v1, https://jestjs.io/docs/snapshot-testing

exports[`get-user-group-form-security should return the Forms security configuration for a real user-group 1`] = `
{
  "content": [],
  "structuredContent": {
    "entityType": "forms-security-user-group",
    "formsSecurity": "NORMALIZED_FORMS_SECURITY_LIST",
    "key": "44dc260e-b4d4-4dd9-9081-eec5598f1641",
    "name": "Editors",
    "startFolderIds": [],
    "unique": "44dc260e-b4d4-4dd9-9081-eec5598f1641",
    "userGroupSecurity": {
      "deleteEntries": false,
      "editEntries": false,
      "manageDataSources": false,
      "manageForms": false,
      "managePreValueSources": false,
      "manageWorkflows": false,
      "userGroupId": 3,
      "viewEntries": false,
    },
  },
}
`;
