// Jest Snapshot v1, https://jestjs.io/docs/snapshot-testing

exports[`list-security-tree-root should list the top-level nodes of the Forms security tree 1`] = `
{
  "content": [],
  "structuredContent": {
    "items": [
      {
        "flags": [],
        "hasChildren": false,
        "icon": "icon-user",
        "id": "00000000-0000-0000-0000-000000000000",
        "isFolder": false,
        "isGroup": false,
        "name": "MCP API User",
        "noAccess": false,
        "parent": null,
      },
    ],
    "total": 1,
  },
}
`;
