// Jest Snapshot v1, https://jestjs.io/docs/snapshot-testing

exports[`list-security-tree-children should return an empty page for a node with no children 1`] = `
{
  "content": [],
  "structuredContent": {
    "items": [],
    "total": 0,
  },
}
`;

exports[`list-security-tree-children should return an empty page for a parentId that doesn't exist in the tree 1`] = `
{
  "content": [],
  "structuredContent": {
    "items": [],
    "total": 0,
  },
}
`;
