// Jest Snapshot v1, https://jestjs.io/docs/snapshot-testing

exports[`create-data-source should create a new data source 1`] = `
{
  "content": [],
  "structuredContent": {
    "formDataSourceTypeId": "f19506f3-efea-4b13-a308-89348f69df91",
    "id": "00000000-0000-0000-0000-000000000000",
    "name": "_Test Create Data Source",
    "success": true,
  },
}
`;
