// Jest Snapshot v1, https://goo.gl/fbAQLP

exports[`get-data-source-tree should return data source tree 1`] = `
{
  "content": [],
  "structuredContent": {
    "items": [
      {
        "flags": [],
        "hasChildren": false,
        "icon": "icon-database",
        "id": "00000000-0000-0000-0000-000000000000",
        "isFolder": false,
        "name": "_Test Get Data Source Tree",
        "parent": null,
      },
    ],
    "total": 1,
  },
}
`;
