// Jest Snapshot v1, https://goo.gl/fbAQLP

exports[`list-data-sources should return paginated list of data sources 1`] = `
{
  "content": [],
  "structuredContent": {
    "items": [
      {
        "created": "NORMALIZED_DATE",
        "createdBy": 1,
        "createdByName": null,
        "entityType": "datasource",
        "formDataSourceTypeId": "00000000-0000-0000-0000-000000000000",
        "id": "00000000-0000-0000-0000-000000000000",
        "name": "_Test List Data Sources 1",
        "settings": {},
        "unique": "00000000-0000-0000-0000-000000000000",
        "updated": "NORMALIZED_DATE",
        "updatedBy": 1,
        "updatedByName": null,
        "valid": false,
      },
    ],
    "total": 1,
  },
}
`;
