// Jest Snapshot v1, https://jestjs.io/docs/snapshot-testing

exports[`buildFormDesign should expand a representative spec into a full design 1`] = `
{
  "autocompleteAttribute": "",
  "created": "2000-01-01T00:00:00.000Z",
  "cssClass": null,
  "daysToRetainApprovedRecordsFor": 0,
  "daysToRetainRejectedRecordsFor": 0,
  "daysToRetainSubmittedRecordsFor": 0,
  "disableDefaultStylesheet": false,
  "displayDefaultFields": true,
  "entityType": "form",
  "fieldIndicationType": "MarkMandatoryFields",
  "folderId": null,
  "formWorkflows": {
    "onApprove": [],
    "onReject": [],
    "onSubmit": [],
  },
  "hideFieldValidation": false,
  "id": "00000000-0000-0000-0000-000000000000",
  "indicator": "*",
  "invalidErrorMessage": "Please provide a valid value for {0}",
  "manualApproval": false,
  "messageOnSubmit": "Thank you",
  "messageOnSubmitIsHtml": false,
  "name": "Contact us",
  "nextLabel": "Next",
  "nodeId": 0,
  "pageCaptionFormat": "Page {0}",
  "pages": [
    {
      "buttonCondition": null,
      "caption": "Get in touch",
      "condition": null,
      "fieldSets": [
        {
          "caption": "About you",
          "condition": null,
          "containers": [
            {
              "caption": null,
              "fields": [
                {
                  "alias": "yourName",
                  "allowMultipleFileUploads": false,
                  "allowedUploadTypes": null,
                  "caption": "Your name",
                  "condition": null,
                  "containsSensitiveData": false,
                  "cssClass": null,
                  "dataSourceFieldKey": null,
                  "fieldTypeId": "00000000-0000-0000-0000-000000000000",
                  "id": "00000000-0000-0000-0000-000000000000",
                  "invalidErrorMessage": null,
                  "mandatory": true,
                  "mappedMemberPropertyAlias": null,
                  "memberPrefillMode": "None",
                  "preValues": [],
                  "prevalueSourceId": "00000000-0000-0000-0000-000000000000",
                  "regex": null,
                  "requiredErrorMessage": null,
                  "settings": {
                    "FieldType": "text",
                    "ShowLabel": "True",
                  },
                  "tooltip": null,
                },
                {
                  "alias": "emailAddress",
                  "allowMultipleFileUploads": false,
                  "allowedUploadTypes": null,
                  "caption": "Email address",
                  "condition": null,
                  "containsSensitiveData": false,
                  "cssClass": null,
                  "dataSourceFieldKey": null,
                  "fieldTypeId": "00000000-0000-0000-0000-000000000000",
                  "id": "00000000-0000-0000-0000-000000000000",
                  "invalidErrorMessage": null,
                  "mandatory": true,
                  "mappedMemberPropertyAlias": null,
                  "memberPrefillMode": "None",
                  "preValues": [],
                  "prevalueSourceId": "00000000-0000-0000-0000-000000000000",
                  "regex": null,
                  "requiredErrorMessage": null,
                  "settings": {
                    "AutocompleteAttribute": "email",
                    "FieldType": "email",
                    "ShowLabel": "True",
                  },
                  "tooltip": null,
                },
              ],
              "id": "00000000-0000-0000-0000-000000000000",
              "width": 12,
            },
          ],
          "id": "00000000-0000-0000-0000-000000000000",
          "page": "00000000-0000-0000-0000-000000000000",
          "sortOrder": 0,
        },
        {
          "caption": null,
          "condition": null,
          "containers": [
            {
              "caption": null,
              "fields": [
                {
                  "alias": "howDidYouHearAboutUs",
                  "allowMultipleFileUploads": false,
                  "allowedUploadTypes": null,
                  "caption": "How did you hear about us?",
                  "condition": null,
                  "containsSensitiveData": false,
                  "cssClass": null,
                  "dataSourceFieldKey": null,
                  "fieldTypeId": "00000000-0000-0000-0000-000000000000",
                  "id": "00000000-0000-0000-0000-000000000000",
                  "invalidErrorMessage": null,
                  "mandatory": false,
                  "mappedMemberPropertyAlias": null,
                  "memberPrefillMode": "None",
                  "preValues": [
                    {
                      "caption": "Search",
                      "value": "Search",
                    },
                    {
                      "caption": "A friend",
                      "value": "friend",
                    },
                  ],
                  "prevalueSourceId": "00000000-0000-0000-0000-000000000000",
                  "regex": null,
                  "requiredErrorMessage": null,
                  "settings": {
                    "AllowMultipleSelections": "False",
                    "SelectPrompt": "Select how did you hear about us?",
                    "ShowLabel": "True",
                  },
                  "tooltip": null,
                },
                {
                  "alias": "message",
                  "allowMultipleFileUploads": false,
                  "allowedUploadTypes": null,
                  "caption": "Message",
                  "condition": null,
                  "containsSensitiveData": false,
                  "cssClass": null,
                  "dataSourceFieldKey": null,
                  "fieldTypeId": "00000000-0000-0000-0000-000000000000",
                  "id": "00000000-0000-0000-0000-000000000000",
                  "invalidErrorMessage": null,
                  "mandatory": false,
                  "mappedMemberPropertyAlias": null,
                  "memberPrefillMode": "None",
                  "preValues": [],
                  "prevalueSourceId": "00000000-0000-0000-0000-000000000000",
                  "regex": null,
                  "requiredErrorMessage": null,
                  "settings": {
                    "MaximumLength": "500",
                    "NumberOfRows": "5",
                    "ShowLabel": "True",
                  },
                  "tooltip": null,
                },
                {
                  "alias": "iAgreeToTheTerms",
                  "allowMultipleFileUploads": false,
                  "allowedUploadTypes": null,
                  "caption": "I agree to the terms",
                  "condition": null,
                  "containsSensitiveData": false,
                  "cssClass": null,
                  "dataSourceFieldKey": null,
                  "fieldTypeId": "00000000-0000-0000-0000-000000000000",
                  "id": "00000000-0000-0000-0000-000000000000",
                  "invalidErrorMessage": null,
                  "mandatory": true,
                  "mappedMemberPropertyAlias": null,
                  "memberPrefillMode": "None",
                  "preValues": [],
                  "prevalueSourceId": "00000000-0000-0000-0000-000000000000",
                  "regex": null,
                  "requiredErrorMessage": null,
                  "settings": {
                    "AcceptCopy": "I agree to the terms",
                    "ShowLabel": "True",
                  },
                  "tooltip": null,
                },
              ],
              "id": "00000000-0000-0000-0000-000000000000",
              "width": 12,
            },
          ],
          "id": "00000000-0000-0000-0000-000000000000",
          "page": "00000000-0000-0000-0000-000000000000",
          "sortOrder": 1,
        },
      ],
      "form": "00000000-0000-0000-0000-000000000000",
      "id": "00000000-0000-0000-0000-000000000000",
      "sortOrder": 0,
    },
  ],
  "pagingDetailsFormat": "Page {0} of {1}",
  "path": "",
  "prevLabel": "Previous",
  "requiredErrorMessage": "Please provide a value for {0}",
  "selectedDisplayFields": [],
  "showPagingOnMultiPageForms": "None",
  "showSummaryPageOnMultiPageForms": false,
  "showValidationSummary": true,
  "storeRecordsLocally": true,
  "submitLabel": "Submit",
  "summaryLabel": "Summary of Entry",
  "unique": "00000000-0000-0000-0000-000000000000",
  "updated": "2000-01-01T00:00:00.000Z",
  "validationRules": [],
}
`;
