// Jest Snapshot v1, https://jestjs.io/docs/snapshot-testing

exports[`get-workflow-type-by-id should return the workflow type by id 1`] = `
{
  "content": [],
  "structuredContent": {
    "alias": "sendEmail",
    "configurationErrors": [],
    "description": "Send the result of the form to an email address",
    "entityType": "workflow-type",
    "group": "Email",
    "icon": "icon-message",
    "id": "00000000-0000-0000-0000-000000000000",
    "isConfigured": true,
    "name": "Send email",
    "settings": [
      {
        "alias": "Email",
        "defaultValue": "",
        "description": "Enter the recipient email address(es)",
        "displayOrder": 10,
        "isMandatory": true,
        "isReadOnly": false,
        "name": "Recipient Email",
        "prevalues": [],
        "view": "Umb.PropertyEditorUi.TextBox",
      },
      {
        "alias": "CcEmail",
        "defaultValue": "",
        "description": "Enter the recipient in CC email addresses (if required)",
        "displayOrder": 20,
        "isMandatory": false,
        "isReadOnly": false,
        "name": "CC Email",
        "prevalues": [],
        "view": "Umb.PropertyEditorUi.TextBox",
      },
      {
        "alias": "BccEmail",
        "defaultValue": "",
        "description": "Enter the recipient in BCC email addresses (if required)",
        "displayOrder": 30,
        "isMandatory": false,
        "isReadOnly": false,
        "name": "BCC Email",
        "prevalues": [],
        "view": "Umb.PropertyEditorUi.TextBox",
      },
      {
        "alias": "SenderEmail",
        "defaultValue": "",
        "description": "Enter the sender email (if not provided the default email address from your Umbraco configuration will be used)",
        "displayOrder": 40,
        "isMandatory": false,
        "isReadOnly": false,
        "name": "Sender Email",
        "prevalues": [],
        "view": "Umb.PropertyEditorUi.TextBox",
      },
      {
        "alias": "ReplyToEmail",
        "defaultValue": "",
        "description": "Enter the email address to be used as the reply-to address (if required)",
        "displayOrder": 50,
        "isMandatory": false,
        "isReadOnly": false,
        "name": "Reply To Email",
        "prevalues": [],
        "view": "Umb.PropertyEditorUi.TextBox",
      },
      {
        "alias": "Subject",
        "defaultValue": "",
        "description": "Enter the subject",
        "displayOrder": 60,
        "isMandatory": true,
        "isReadOnly": false,
        "name": "Subject",
        "prevalues": [],
        "view": "Umb.PropertyEditorUi.TextBox",
      },
      {
        "alias": "Message",
        "defaultValue": "",
        "description": "Enter the introductory message",
        "displayOrder": 70,
        "isMandatory": true,
        "isReadOnly": false,
        "name": "Message",
        "prevalues": [],
        "view": "Umb.PropertyEditorUi.TextArea",
      },
      {
        "alias": "Attachment",
        "defaultValue": "",
        "description": "Attach file uploads to email",
        "displayOrder": 80,
        "isMandatory": false,
        "isReadOnly": false,
        "name": "Attachments",
        "prevalues": [],
        "view": "Umb.PropertyEditorUi.Toggle",
      },
    ],
    "unique": "e96badd7-05be-4978-b8d9-b3d733de70a5",
  },
}
`;
