// Jest Snapshot v1, https://goo.gl/fbAQLP

exports[`list-workflow-types should return all available workflow types 1`] = `
{
  "content": [],
  "structuredContent": [
    {
      "alias": "changeRecordState",
      "description": "Changes the state of the record being processed when it matches a word",
      "entityType": "workflow-type",
      "group": "Legacy",
      "icon": "icon-autofill",
      "id": "00000000-0000-0000-0000-000000000000",
      "name": "Change Record State",
      "settings": [
        {
          "alias": "Words",
          "defaultValue": "",
          "description": "Comma seperated list of words to match",
          "displayOrder": 10,
          "isMandatory": true,
          "isReadOnly": false,
          "name": "Words",
          "prevalues": [],
          "view": "Umb.PropertyEditorUi.TextBox",
        },
        {
          "alias": "Action",
          "defaultValue": "",
          "description": "What to do if it matches",
          "displayOrder": 20,
          "isMandatory": true,
          "isReadOnly": false,
          "name": "Action",
          "prevalues": [
            "Delete Record",
            "Approve Record",
            "Reject Record",
          ],
          "view": "Umb.PropertyEditorUi.Dropdown",
        },
      ],
      "unique": "00000000-0000-0000-0000-000000000000",
    },
    {
      "alias": "postAsXml",
      "description": "Posts the form as XML to a URL",
      "entityType": "workflow-type",
      "group": "Legacy",
      "icon": "icon-code",
      "id": "00000000-0000-0000-0000-000000000000",
      "name": "Post as XML",
      "settings": [
        {
          "alias": "Url",
          "defaultValue": "",
          "description": "Enter the URL to post to",
          "displayOrder": 10,
          "isMandatory": true,
          "isReadOnly": false,
          "name": "Url",
          "prevalues": [],
          "view": "Umb.PropertyEditorUi.TextBox",
        },
        {
          "alias": "Method",
          "defaultValue": "",
          "description": "POST or GET",
          "displayOrder": 20,
          "isMandatory": false,
          "isReadOnly": false,
          "name": "Method",
          "prevalues": [
            "POST",
            "GET",
            "PUT",
            "DELETE",
          ],
          "view": "Umb.PropertyEditorUi.Dropdown",
        },
        {
          "alias": "XsltFile",
          "defaultValue": "",
          "description": "Transform the XML before posting it",
          "displayOrder": 30,
          "isMandatory": false,
          "isReadOnly": false,
          "name": "XSLT File",
          "prevalues": [],
          "view": "Umb.PropertyEditorUi.MediaEntityPicker",
        },
        {
          "alias": "Fields",
          "defaultValue": "",
          "description": "Map the needed fields",
          "displayOrder": 40,
          "isMandatory": false,
          "isReadOnly": false,
          "name": "Fields",
          "prevalues": [],
          "view": "Forms.PropertyEditorUi.FieldMapper",
        },
        {
          "alias": "DefaultElementForFields",
          "defaultValue": "Caption",
          "description": "When no fields are specifically mapped, all fields are provided in the request as XML, using the selected field attribute as the element name.",
          "displayOrder": 50,
          "isMandatory": false,
          "isReadOnly": false,
          "name": "Default Element For Fields",
          "prevalues": [
            "Caption",
            "Alias",
          ],
          "view": "Umb.PropertyEditorUi.Dropdown",
        },
        {
          "alias": "Username",
          "defaultValue": "",
          "description": "(optional)",
          "displayOrder": 60,
          "isMandatory": false,
          "isReadOnly": false,
          "name": "User",
          "prevalues": [],
          "view": "Umb.PropertyEditorUi.TextBox",
        },
        {
          "alias": "Password",
          "defaultValue": "",
          "description": "(optional)",
          "displayOrder": 70,
          "isMandatory": false,
          "isReadOnly": false,
          "name": "Password",
          "prevalues": [],
          "view": "Forms.PropertyEditorUi.Password",
        },
      ],
      "unique": "00000000-0000-0000-0000-000000000000",
    },
    {
      "alias": "saveAsAnXmlFile",
      "description": "Saves the result of the form as an XML file via XSLT",
      "entityType": "workflow-type",
      "group": "Legacy",
      "icon": "icon-download-alt",
      "id": "00000000-0000-0000-0000-000000000000",
      "name": "Save as an XML file",
      "settings": [
        {
          "alias": "Path",
          "defaultValue": "",
          "description": "Path to place the file",
          "displayOrder": 10,
          "isMandatory": true,
          "isReadOnly": false,
          "name": "Path",
          "prevalues": [
            "/data/records",
          ],
          "view": "Umb.PropertyEditorUi.TextBox",
        },
        {
          "alias": "Extension",
          "defaultValue": "",
          "description": "File extension",
          "displayOrder": 20,
          "isMandatory": true,
          "isReadOnly": false,
          "name": "Extension",
          "prevalues": [
            "xml",
          ],
          "view": "Umb.PropertyEditorUi.TextBox",
        },
        {
          "alias": "XsltFile",
          "defaultValue": "",
          "description": "Transform the XML before saving it",
          "displayOrder": 30,
          "isMandatory": false,
          "isReadOnly": false,
          "name": "XSLT File",
          "prevalues": [],
          "view": "File",
        },
      ],
      "unique": "00000000-0000-0000-0000-000000000000",
    },
    {
      "alias": "saveAsUmbracoContentNode",
      "description": "Saves the form values as an content node using a specified document type",
      "entityType": "workflow-type",
      "group": "Legacy",
      "icon": "icon-documents",
      "id": "00000000-0000-0000-0000-000000000000",
      "name": "Save as Umbraco content node",
      "settings": [
        {
          "alias": "Fields",
          "defaultValue": "",
          "description": "Map document type",
          "displayOrder": 10,
          "isMandatory": true,
          "isReadOnly": false,
          "name": "Document Type",
          "prevalues": [],
          "view": "Forms.PropertyEditorUi.DocumentMapper",
        },
        {
          "alias": "Publish",
          "defaultValue": "",
          "description": "Publish node instantly",
          "displayOrder": 20,
          "isMandatory": false,
          "isReadOnly": false,
          "name": "Publish",
          "prevalues": [],
          "view": "Umb.PropertyEditorUi.Toggle",
        },
        {
          "alias": "RootNode",
          "defaultValue": "",
          "description": "Choose the location for where to save the created content node",
          "displayOrder": 30,
          "isMandatory": false,
          "isReadOnly": false,
          "name": "Where to save",
          "prevalues": [],
          "view": "Umb.PropertyEditorUi.ContentPicker.Source",
        },
      ],
      "unique": "00000000-0000-0000-0000-000000000000",
    },
    {
      "alias": "sendEmail",
      "description": "Send the result of the form to an email address",
      "entityType": "workflow-type",
      "group": "Email",
      "icon": "icon-message",
      "id": "00000000-0000-0000-0000-000000000000",
      "name": "Send email",
      "settings": [
        {
          "alias": "Email",
          "defaultValue": "",
          "description": "Enter the recipient email address(es)",
          "displayOrder": 10,
          "isMandatory": true,
          "isReadOnly": false,
          "name": "Recipient Email",
          "prevalues": [],
          "view": "Umb.PropertyEditorUi.TextBox",
        },
        {
          "alias": "CcEmail",
          "defaultValue": "",
          "description": "Enter the recipient in CC email addresses (if required)",
          "displayOrder": 20,
          "isMandatory": false,
          "isReadOnly": false,
          "name": "CC Email",
          "prevalues": [],
          "view": "Umb.PropertyEditorUi.TextBox",
        },
        {
          "alias": "BccEmail",
          "defaultValue": "",
          "description": "Enter the recipient in BCC email addresses (if required)",
          "displayOrder": 30,
          "isMandatory": false,
          "isReadOnly": false,
          "name": "BCC Email",
          "prevalues": [],
          "view": "Umb.PropertyEditorUi.TextBox",
        },
        {
          "alias": "SenderEmail",
          "defaultValue": "",
          "description": "Enter the sender email (if not provided the default email address from your Umbraco configuration will be used)",
          "displayOrder": 40,
          "isMandatory": false,
          "isReadOnly": false,
          "name": "Sender Email",
          "prevalues": [],
          "view": "Umb.PropertyEditorUi.TextBox",
        },
        {
          "alias": "ReplyToEmail",
          "defaultValue": "",
          "description": "Enter the email address to be used as the reply-to address (if required)",
          "displayOrder": 50,
          "isMandatory": false,
          "isReadOnly": false,
          "name": "Reply To Email",
          "prevalues": [],
          "view": "Umb.PropertyEditorUi.TextBox",
        },
        {
          "alias": "Subject",
          "defaultValue": "",
          "description": "Enter the subject",
          "displayOrder": 60,
          "isMandatory": true,
          "isReadOnly": false,
          "name": "Subject",
          "prevalues": [],
          "view": "Umb.PropertyEditorUi.TextBox",
        },
        {
          "alias": "Message",
          "defaultValue": "",
          "description": "Enter the introductory message",
          "displayOrder": 70,
          "isMandatory": true,
          "isReadOnly": false,
          "name": "Message",
          "prevalues": [],
          "view": "Umb.PropertyEditorUi.TextArea",
        },
        {
          "alias": "Attachment",
          "defaultValue": "",
          "description": "Attach file uploads to email",
          "displayOrder": 80,
          "isMandatory": false,
          "isReadOnly": false,
          "name": "Attachments",
          "prevalues": [],
          "view": "Umb.PropertyEditorUi.Toggle",
        },
      ],
      "unique": "00000000-0000-0000-0000-000000000000",
    },
    {
      "alias": "sendEmailWithRazorTemplate",
      "description": "Send the result of the form to an email address/addresses using a Razor .cshtml template",
      "entityType": "workflow-type",
      "group": "Email",
      "icon": "icon-message",
      "id": "00000000-0000-0000-0000-000000000000",
      "name": "Send email with template (Razor)",
      "settings": [
        {
          "alias": "Email",
          "defaultValue": "",
          "description": "Enter the recipient email address(es)",
          "displayOrder": 10,
          "isMandatory": true,
          "isReadOnly": false,
          "name": "Recipient Email",
          "prevalues": [],
          "view": "Umb.PropertyEditorUi.TextBox",
        },
        {
          "alias": "CcEmail",
          "defaultValue": "",
          "description": "Enter the recipient in CC email addresses (if required)",
          "displayOrder": 20,
          "isMandatory": false,
          "isReadOnly": false,
          "name": "CC Email",
          "prevalues": [],
          "view": "Umb.PropertyEditorUi.TextBox",
        },
        {
          "alias": "BccEmail",
          "defaultValue": "",
          "description": "Enter the recipient in BCC email addresses (if required)",
          "displayOrder": 30,
          "isMandatory": false,
          "isReadOnly": false,
          "name": "BCC Email",
          "prevalues": [],
          "view": "Umb.PropertyEditorUi.TextBox",
        },
        {
          "alias": "SenderEmail",
          "defaultValue": "",
          "description": "Enter the sender email (if not provided the default email address from your Umbraco configuration will be used)",
          "displayOrder": 40,
          "isMandatory": false,
          "isReadOnly": false,
          "name": "Sender Email",
          "prevalues": [],
          "view": "Umb.PropertyEditorUi.TextBox",
        },
        {
          "alias": "ReplyToEmail",
          "defaultValue": "",
          "description": "Enter the email address to be used as the reply-to address (if required)",
          "displayOrder": 50,
          "isMandatory": false,
          "isReadOnly": false,
          "name": "Reply To Email",
          "prevalues": [],
          "view": "Umb.PropertyEditorUi.TextBox",
        },
        {
          "alias": "Subject",
          "defaultValue": "",
          "description": "Enter the subject",
          "displayOrder": 60,
          "isMandatory": true,
          "isReadOnly": false,
          "name": "Subject",
          "prevalues": [],
          "view": "Umb.PropertyEditorUi.TextBox",
        },
        {
          "alias": "RazorViewFilePath",
          "defaultValue": "",
          "description": "The path to the Razor view that you want to use for generating the email. Email templates are stored at /Views/Partials/Forms/Emails",
          "displayOrder": 70,
          "isMandatory": true,
          "isReadOnly": false,
          "name": "Email Template",
          "prevalues": [],
          "view": "Forms.PropertyEditorUi.EmailTemplatePicker",
        },
        {
          "alias": "HeaderHtml",
          "defaultValue": "",
          "description": "Enter formatted text to be rendered in the email header.",
          "displayOrder": 80,
          "isMandatory": false,
          "isReadOnly": false,
          "name": "Header text",
          "prevalues": [],
          "view": "Umb.PropertyEditorUi.Tiptap",
        },
        {
          "alias": "BodyHtml",
          "defaultValue": "",
          "description": "Enter formatted text to be rendered in the email body",
          "displayOrder": 90,
          "isMandatory": false,
          "isReadOnly": false,
          "name": "Body text",
          "prevalues": [],
          "view": "Umb.PropertyEditorUi.Tiptap",
        },
        {
          "alias": "FooterHtml",
          "defaultValue": "",
          "description": "Enter formatted text to be rendered in the email footer",
          "displayOrder": 100,
          "isMandatory": false,
          "isReadOnly": false,
          "name": "Footer text",
          "prevalues": [],
          "view": "Umb.PropertyEditorUi.Tiptap",
        },
        {
          "alias": "Attachment",
          "defaultValue": "",
          "description": "Attach file uploads to email",
          "displayOrder": 110,
          "isMandatory": false,
          "isReadOnly": false,
          "name": "Attachments",
          "prevalues": [],
          "view": "Umb.PropertyEditorUi.Toggle",
        },
      ],
      "unique": "00000000-0000-0000-0000-000000000000",
    },
    {
      "alias": "sendFormToUrl",
      "description": "Sends the form to a URL, either as a HTTP POST or GET",
      "entityType": "workflow-type",
      "group": "Legacy",
      "icon": "icon-terminal",
      "id": "00000000-0000-0000-0000-000000000000",
      "name": "Send form to URL",
      "settings": [
        {
          "alias": "Url",
          "defaultValue": "",
          "description": "Enter the URL to post to",
          "displayOrder": 10,
          "isMandatory": true,
          "isReadOnly": false,
          "name": "Url",
          "prevalues": [],
          "view": "Umb.PropertyEditorUi.TextBox",
        },
        {
          "alias": "Method",
          "defaultValue": "",
          "description": "POST or GET",
          "displayOrder": 20,
          "isMandatory": true,
          "isReadOnly": false,
          "name": "Method",
          "prevalues": [
            "POST",
            "GET",
            "PUT",
            "DELETE",
          ],
          "view": "Umb.PropertyEditorUi.Dropdown",
        },
        {
          "alias": "StandardFields",
          "defaultValue": "",
          "description": "Map any standard form information to send.",
          "displayOrder": 30,
          "isMandatory": false,
          "isReadOnly": false,
          "name": "Standard Fields",
          "prevalues": [],
          "view": "Forms.PropertyEditorUi.StandardFieldMapper",
        },
        {
          "alias": "Fields",
          "defaultValue": "",
          "description": "Map the needed fields (if not mapped all fields will be sent)",
          "displayOrder": 40,
          "isMandatory": false,
          "isReadOnly": false,
          "name": "Fields",
          "prevalues": [],
          "view": "Forms.PropertyEditorUi.FieldMapper",
        },
        {
          "alias": "DefaultElementForFields",
          "defaultValue": "Caption",
          "description": "When no fields are specifically mapped, all fields are provided in the request as XML, using the selected field attribute as the element name.",
          "displayOrder": 50,
          "isMandatory": false,
          "isReadOnly": false,
          "name": "Default Element For Fields",
          "prevalues": [
            "Caption",
            "Alias",
          ],
          "view": "Umb.PropertyEditorUi.Dropdown",
        },
        {
          "alias": "Username",
          "defaultValue": "",
          "description": "(optional)",
          "displayOrder": 60,
          "isMandatory": false,
          "isReadOnly": false,
          "name": "User",
          "prevalues": [],
          "view": "Umb.PropertyEditorUi.TextBox",
        },
        {
          "alias": "Password",
          "defaultValue": "",
          "description": "(optional)",
          "displayOrder": 70,
          "isMandatory": false,
          "isReadOnly": false,
          "name": "Password",
          "prevalues": [],
          "view": "Forms.PropertyEditorUi.Password",
        },
      ],
      "unique": "00000000-0000-0000-0000-000000000000",
    },
    {
      "alias": "sendEmailWithXsltTemplate",
      "description": "Send the result of the form to an email address",
      "entityType": "workflow-type",
      "group": "Email",
      "icon": "icon-message",
      "id": "00000000-0000-0000-0000-000000000000",
      "name": "Send XSLT transformed email",
      "settings": [
        {
          "alias": "Email",
          "defaultValue": "",
          "description": "Enter the recipient email address(es)",
          "displayOrder": 10,
          "isMandatory": true,
          "isReadOnly": false,
          "name": "Recipient Email",
          "prevalues": [],
          "view": "Umb.PropertyEditorUi.TextBox",
        },
        {
          "alias": "CcEmail",
          "defaultValue": "",
          "description": "Enter the recipient in CC email addresses (if required)",
          "displayOrder": 20,
          "isMandatory": false,
          "isReadOnly": false,
          "name": "CC Email",
          "prevalues": [],
          "view": "Umb.PropertyEditorUi.TextBox",
        },
        {
          "alias": "BccEmail",
          "defaultValue": "",
          "description": "Enter the recipient in BCC email addresses (if required)",
          "displayOrder": 30,
          "isMandatory": false,
          "isReadOnly": false,
          "name": "BCC Email",
          "prevalues": [],
          "view": "Umb.PropertyEditorUi.TextBox",
        },
        {
          "alias": "SenderEmail",
          "defaultValue": "",
          "description": "Enter the sender email (if not provided the default email address from your Umbraco configuration will be used)",
          "displayOrder": 40,
          "isMandatory": false,
          "isReadOnly": false,
          "name": "Sender Email",
          "prevalues": [],
          "view": "Umb.PropertyEditorUi.TextBox",
        },
        {
          "alias": "ReplyToEmail",
          "defaultValue": "",
          "description": "Enter the email address to be used as the reply-to address (if required)",
          "displayOrder": 50,
          "isMandatory": false,
          "isReadOnly": false,
          "name": "Reply To Email",
          "prevalues": [],
          "view": "Umb.PropertyEditorUi.TextBox",
        },
        {
          "alias": "Subject",
          "defaultValue": "",
          "description": "Enter the subject",
          "displayOrder": 60,
          "isMandatory": true,
          "isReadOnly": false,
          "name": "Subject",
          "prevalues": [],
          "view": "Umb.PropertyEditorUi.TextBox",
        },
        {
          "alias": "XsltFile",
          "defaultValue": "",
          "description": "Transform the XML before sending the email",
          "displayOrder": 70,
          "isMandatory": false,
          "isReadOnly": false,
          "name": "XSLT File",
          "prevalues": [],
          "view": "Umb.PropertyEditorUi.MediaEntityPicker",
        },
      ],
      "unique": "00000000-0000-0000-0000-000000000000",
    },
    {
      "alias": "slack",
      "description": "Posts the form data to a specific channel on Slack using a webhook",
      "entityType": "workflow-type",
      "group": "Services",
      "icon": "icon-chat-active",
      "id": "00000000-0000-0000-0000-000000000000",
      "name": "Slack",
      "settings": [
        {
          "alias": "WebhookUrl",
          "defaultValue": "",
          "description": "Slack Webhook URL",
          "displayOrder": 10,
          "isMandatory": true,
          "isReadOnly": false,
          "name": "Webhook URL",
          "prevalues": [],
          "view": "Umb.PropertyEditorUi.TextBox",
        },
      ],
      "unique": "00000000-0000-0000-0000-000000000000",
    },
    {
      "alias": "slackLegacy",
      "description": "Posts the form data to a specific channel on Slack using legacy tokens",
      "entityType": "workflow-type",
      "group": "Services",
      "icon": "icon-chat-active",
      "id": "00000000-0000-0000-0000-000000000000",
      "name": "Slack (Legacy)",
      "settings": [
        {
          "alias": "Token",
          "defaultValue": "",
          "description": "Slack API token",
          "displayOrder": 10,
          "isMandatory": true,
          "isReadOnly": false,
          "name": "API Token",
          "prevalues": [],
          "view": "Umb.PropertyEditorUi.TextBox",
        },
        {
          "alias": "Channel",
          "defaultValue": "",
          "description": "Slack channel to post to",
          "displayOrder": 20,
          "isMandatory": true,
          "isReadOnly": false,
          "name": "Channel",
          "prevalues": [],
          "view": "Umb.PropertyEditorUi.TextBox",
        },
        {
          "alias": "Username",
          "defaultValue": "",
          "description": "The username or bot to post as",
          "displayOrder": 30,
          "isMandatory": true,
          "isReadOnly": false,
          "name": "Username",
          "prevalues": [],
          "view": "Umb.PropertyEditorUi.TextBox",
        },
        {
          "alias": "AvatarUrl",
          "defaultValue": "",
          "description": "The full URL (including http/https) to the avatar image",
          "displayOrder": 40,
          "isMandatory": true,
          "isReadOnly": false,
          "name": "Avatar URL",
          "prevalues": [],
          "view": "Umb.PropertyEditorUi.TextBox",
        },
      ],
      "unique": "00000000-0000-0000-0000-000000000000",
    },
  ],
}
`;
