// Jest Snapshot v1, https://goo.gl/fbAQLP

exports[`list-prevalue-source-types should return all available prevalue source types 1`] = `
{
  "content": [],
  "structuredContent": [
    {
      "alias": "dataSource",
      "description": "Stores prevalues in the prevalues table",
      "entityType": "prevaluesource-type",
      "icon": "icon-box",
      "id": "00000000-0000-0000-0000-000000000000",
      "name": "DataSource",
      "settings": [],
      "unique": "00000000-0000-0000-0000-000000000000",
    },
    {
      "alias": "getValuesFromTextFile",
      "description": "Upload textfile that contains the prevalues",
      "entityType": "prevaluesource-type",
      "icon": "icon-files",
      "id": "00000000-0000-0000-0000-000000000000",
      "name": "Get values from textfile",
      "settings": [
        {
          "alias": "TextFile",
          "defaultValue": "",
          "description": "File containing the prevalues (seperated by linebreak)",
          "displayOrder": 10,
          "isMandatory": true,
          "isReadOnly": false,
          "name": "Text File",
          "prevalues": [],
          "view": "Umb.PropertyEditorUi.UploadField",
        },
      ],
      "unique": "00000000-0000-0000-0000-000000000000",
    },
    {
      "alias": "umbracoDocuments",
      "description": "Uses nodes from a specific source as preValues",
      "entityType": "prevaluesource-type",
      "icon": "icon-documents",
      "id": "00000000-0000-0000-0000-000000000000",
      "name": "Umbraco Documents",
      "settings": [
        {
          "alias": "RootNode",
          "defaultValue": "",
          "description": "Source to fetch nodes from",
          "displayOrder": 10,
          "isMandatory": true,
          "isReadOnly": false,
          "name": "Root node",
          "prevalues": [],
          "view": "Umb.PropertyEditorUi.ContentPicker.Source",
        },
        {
          "alias": "UseCurrentPage",
          "defaultValue": "",
          "description": "Does not work in preview mode",
          "displayOrder": 20,
          "isMandatory": false,
          "isReadOnly": false,
          "name": "Use current page as root",
          "prevalues": [],
          "view": "Umb.PropertyEditorUi.Toggle",
        },
        {
          "alias": "DocType",
          "defaultValue": "",
          "description": "The type of nodes you would like to use",
          "displayOrder": 30,
          "isMandatory": false,
          "isReadOnly": false,
          "name": "Document type",
          "prevalues": [],
          "view": "Forms.PropertyEditorUi.DocumentTypePicker",
        },
        {
          "alias": "ValueField",
          "defaultValue": "",
          "description": "Select which field should be used for the value of the prevalue",
          "displayOrder": 35,
          "isMandatory": false,
          "isReadOnly": false,
          "name": "Value field",
          "prevalues": [
            "DocType",
          ],
          "view": "Forms.PropertyEditorUi.DocumentTypeFieldPicker",
        },
        {
          "alias": "CaptionField",
          "defaultValue": "",
          "description": "Select which field should be used for the caption of the prevalue",
          "displayOrder": 36,
          "isMandatory": false,
          "isReadOnly": false,
          "name": "Caption field",
          "prevalues": [
            "DocType",
          ],
          "view": "Forms.PropertyEditorUi.DocumentTypeFieldPicker",
        },
        {
          "alias": "ListGrandChildren",
          "defaultValue": "",
          "description": "Don't limit to children but also include other levels",
          "displayOrder": 40,
          "isMandatory": false,
          "isReadOnly": false,
          "name": "List all descendants",
          "prevalues": [],
          "view": "Umb.PropertyEditorUi.Toggle",
        },
        {
          "alias": "OrderBy",
          "defaultValue": "",
          "description": "Select how the prevalue list should be ordered",
          "displayOrder": 50,
          "isMandatory": false,
          "isReadOnly": false,
          "name": "Order by",
          "prevalues": [
            "Node order",
            "Alphabetical",
          ],
          "view": "Umb.PropertyEditorUi.Dropdown",
        },
      ],
      "unique": "00000000-0000-0000-0000-000000000000",
    },
    {
      "alias": "sqlDatabase",
      "description": "Connects to a SQL Server database table and constructs a prevalue source from it",
      "entityType": "prevaluesource-type",
      "icon": "icon-server-alt",
      "id": "00000000-0000-0000-0000-000000000000",
      "name": "SQL Database",
      "settings": [
        {
          "alias": "Connection",
          "defaultValue": "",
          "description": "SQL Server connection string",
          "displayOrder": 10,
          "isMandatory": false,
          "isReadOnly": false,
          "name": "Connection String",
          "prevalues": [],
          "view": "Umb.PropertyEditorUi.TextArea",
        },
        {
          "alias": "ConnectionString",
          "defaultValue": "",
          "description": "Enter name of SQL Server connection string from configuration path ConnectionStrings.",
          "displayOrder": 20,
          "isMandatory": false,
          "isReadOnly": false,
          "name": "Connection String from configuration",
          "prevalues": [],
          "view": "Umb.PropertyEditorUi.TextBox",
        },
        {
          "alias": "Table",
          "defaultValue": "",
          "description": "Table name",
          "displayOrder": 30,
          "isMandatory": true,
          "isReadOnly": false,
          "name": "Table Name",
          "prevalues": [],
          "view": "Umb.PropertyEditorUi.TextBox",
        },
        {
          "alias": "KeyColumn",
          "defaultValue": "",
          "description": "Column containing the keys",
          "displayOrder": 40,
          "isMandatory": true,
          "isReadOnly": false,
          "name": "Key Column",
          "prevalues": [],
          "view": "Umb.PropertyEditorUi.TextBox",
        },
        {
          "alias": "ValueColumn",
          "defaultValue": "",
          "description": "Column containing the values",
          "displayOrder": 50,
          "isMandatory": true,
          "isReadOnly": false,
          "name": "Value Column",
          "prevalues": [],
          "view": "Umb.PropertyEditorUi.TextBox",
        },
        {
          "alias": "CaptionColumn",
          "defaultValue": "",
          "description": "Column containing the captions",
          "displayOrder": 60,
          "isMandatory": false,
          "isReadOnly": false,
          "name": "Caption Column",
          "prevalues": [],
          "view": "Umb.PropertyEditorUi.TextBox",
        },
      ],
      "unique": "00000000-0000-0000-0000-000000000000",
    },
    {
      "alias": "umbracoDataTypePreValues",
      "description": "Connects to an Umbraco data type and uses its pre-value collection",
      "entityType": "prevaluesource-type",
      "icon": "icon-nodes",
      "id": "00000000-0000-0000-0000-000000000000",
      "name": "Umbraco Data Type Prevalues",
      "settings": [
        {
          "alias": "DataTypeId",
          "defaultValue": "",
          "description": "Data type to use",
          "displayOrder": 10,
          "isMandatory": true,
          "isReadOnly": false,
          "name": "Data Type",
          "prevalues": [],
          "view": "Forms.PropertyEditorUi.DataTypePicker",
        },
      ],
      "unique": "00000000-0000-0000-0000-000000000000",
    },
  ],
}
`;
