// Jest Snapshot v1, https://jestjs.io/docs/snapshot-testing

exports[`get-record-metadata should return a zero count for a non-existent form (the metadata endpoint does not validate form existence) 1`] = `
{
  "content": [],
  "structuredContent": {
    "count": 0,
    "lastSubmittedDate": "",
  },
}
`;

exports[`get-record-metadata should return aggregate metadata for a form with no submissions 1`] = `
{
  "content": [],
  "structuredContent": {
    "count": 0,
    "lastSubmittedDate": "",
  },
}
`;
