// Jest Snapshot v1, https://jestjs.io/docs/snapshot-testing

exports[`get-record-page-number should return no page number for a non-existent form (does not error) 1`] = `
{
  "content": [],
  "structuredContent": {
    "pageNumber": undefined,
  },
}
`;

exports[`get-record-page-number should return no page number for a record that doesn't exist 1`] = `
{
  "content": [],
  "structuredContent": {
    "pageNumber": undefined,
  },
}
`;
