// Jest Snapshot v1, https://jestjs.io/docs/snapshot-testing

exports[`search-records should search records for a form with no submissions 1`] = `
{
  "content": [],
  "structuredContent": {
    "results": [],
    "schema": [
      {
        "alias": "dataConsent",
        "containsSensitiveData": false,
        "editView": "Umb.PropertyEditorUi.Label",
        "id": "00000000-0000-0000-0000-000000000000",
        "name": "Consent for storing submitted data",
        "showOnListingScreen": true,
        "view": "text",
      },
      {
        "alias": "member",
        "containsSensitiveData": true,
        "editView": "",
        "id": "member",
        "name": "Member",
        "showOnListingScreen": false,
        "view": "member",
      },
      {
        "alias": "state",
        "containsSensitiveData": false,
        "editView": "",
        "id": "state",
        "name": "State",
        "showOnListingScreen": true,
        "view": "text",
      },
      {
        "alias": "created",
        "containsSensitiveData": false,
        "editView": "",
        "id": "created",
        "name": "Created",
        "showOnListingScreen": true,
        "view": "datetime",
      },
      {
        "alias": "updated",
        "containsSensitiveData": false,
        "editView": "",
        "id": "updated",
        "name": "Updated",
        "showOnListingScreen": true,
        "view": "datetime",
      },
      {
        "alias": "recordId",
        "containsSensitiveData": false,
        "editView": "",
        "id": "recordId",
        "name": "Entry Id",
        "showOnListingScreen": false,
        "view": "number",
      },
      {
        "alias": "umbracoPageId",
        "containsSensitiveData": false,
        "editView": "",
        "id": "umbracoPageId",
        "name": "Page Id",
        "showOnListingScreen": false,
        "view": "number",
      },
      {
        "alias": "umbracoPageName",
        "containsSensitiveData": false,
        "editView": "",
        "id": "umbracoPageName",
        "name": "Page Name",
        "showOnListingScreen": false,
        "view": "text",
      },
      {
        "alias": "workflowAuditSummary",
        "containsSensitiveData": false,
        "editView": "",
        "id": "workflowAuditSummary",
        "name": "Workflows",
        "showOnListingScreen": true,
        "view": "workflowSummary",
      },
    ],
    "totalNumberOfPages": 0,
    "totalNumberOfResults": 0,
  },
}
`;
