// Jest Snapshot v1, https://jestjs.io/docs/snapshot-testing

exports[`get-field-type-by-id should return a field type by id 1`] = `
{
  "content": [],
  "structuredContent": {
    "alias": "shortAnswer",
    "configurationErrors": [],
    "description": "Renders an text input field, for short answers",
    "entityType": "field-type",
    "group": "Common",
    "hideLabel": false,
    "icon": "icon-autofill",
    "id": "00000000-0000-0000-0000-000000000000",
    "isConfigured": true,
    "mandatoryByDefault": false,
    "name": "Short answer",
    "previewView": "Forms.FieldPreview.TextBox",
    "renderInputType": "Single",
    "settings": [
      {
        "alias": "DefaultValue",
        "defaultValue": "",
        "description": "Enter a default value.",
        "displayOrder": 10,
        "isMandatory": false,
        "isReadOnly": false,
        "name": "Default Value",
        "prevalues": [],
        "view": "Umb.PropertyEditorUi.TextBox",
      },
      {
        "alias": "Placeholder",
        "defaultValue": "",
        "description": "Enter a HTML5 placeholder value.",
        "displayOrder": 20,
        "isMandatory": false,
        "isReadOnly": false,
        "name": "Placeholder",
        "prevalues": [],
        "view": "Umb.PropertyEditorUi.TextBox",
      },
      {
        "alias": "ShowLabel",
        "defaultValue": "True",
        "description": "Indicate whether the field's label should be shown when rendering the form.",
        "displayOrder": 30,
        "isMandatory": false,
        "isReadOnly": false,
        "name": "Show Label",
        "prevalues": [
          "true",
        ],
        "view": "Umb.PropertyEditorUi.Toggle",
      },
      {
        "alias": "MaximumLength",
        "defaultValue": "",
        "description": "Enter the maximum number of characters accepted.",
        "displayOrder": 40,
        "isMandatory": false,
        "isReadOnly": false,
        "name": "Maximum Length",
        "prevalues": [
          "1",
          "255",
        ],
        "view": "Umb.PropertyEditorUi.Integer",
      },
      {
        "alias": "FieldType",
        "defaultValue": "",
        "description": "Select the type of information expected.",
        "displayOrder": 50,
        "isMandatory": false,
        "isReadOnly": false,
        "name": "Field Type",
        "prevalues": [
          "date",
          "datetime-local",
          "email",
          "tel",
          "text",
          "number",
          "time",
          "url",
          "week",
        ],
        "view": "Umb.PropertyEditorUi.Dropdown",
      },
      {
        "alias": "AutocompleteAttribute",
        "defaultValue": "",
        "description": "Optionally enter a value for the autocomplete attribute.",
        "displayOrder": 60,
        "isMandatory": false,
        "isReadOnly": false,
        "name": "Autocomplete attribute",
        "prevalues": [],
        "view": "Umb.PropertyEditorUi.TextBox",
      },
    ],
    "sortOrder": 10,
    "supportsMandatory": true,
    "supportsPrevalues": false,
    "supportsRegex": true,
    "supportsUploadTypes": false,
    "unique": "3f92e01b-29e2-4a30-bf33-9df5580ed52c",
    "view": "/App_Plugins/UmbracoForms/backoffice/Common/FieldTypes/textfield.html",
  },
}
`;
