// Jest Snapshot v1, https://goo.gl/fbAQLP

exports[`list-field-types should return all available field types 1`] = `
{
  "content": [],
  "structuredContent": {
    "items": [
      {
        "alias": "checkbox",
        "configurationErrors": [],
        "description": "Renders a checkbox",
        "entityType": "field-type",
        "group": "Simple",
        "hideLabel": false,
        "icon": "icon-checkbox",
        "id": "00000000-0000-0000-0000-000000000000",
        "isConfigured": true,
        "mandatoryByDefault": false,
        "name": "Checkbox",
        "previewView": "Forms.FieldPreview.Checkbox",
        "renderInputType": "Single",
        "settings": [
          {
            "alias": "Caption",
            "defaultValue": "",
            "description": "The text associated with the checkbox",
            "displayOrder": 10,
            "isMandatory": false,
            "isReadOnly": false,
            "name": "Caption",
            "prevalues": [],
            "view": "Umb.PropertyEditorUi.TextBox",
          },
          {
            "alias": "DefaultValue",
            "defaultValue": "",
            "description": "Enter a default value.",
            "displayOrder": 20,
            "isMandatory": false,
            "isReadOnly": false,
            "name": "Default Value",
            "prevalues": [],
            "view": "Umb.PropertyEditorUi.TextBox",
          },
          {
            "alias": "ShowLabel",
            "defaultValue": "True",
            "description": "Indicate whether the field's label should be shown when rendering the form.",
            "displayOrder": 30,
            "isMandatory": false,
            "isReadOnly": false,
            "name": "Show Label",
            "prevalues": [
              "true",
            ],
            "view": "Umb.PropertyEditorUi.Toggle",
          },
        ],
        "sortOrder": 40,
        "supportsMandatory": true,
        "supportsPrevalues": false,
        "supportsRegex": false,
        "supportsUploadTypes": false,
        "unique": "00000000-0000-0000-0000-000000000000",
        "view": "/App_Plugins/UmbracoForms/backoffice/Common/FieldTypes/checkbox.html",
      },
      {
        "alias": "dataConsent",
        "configurationErrors": [],
        "description": "Renders a field to ask for data consent",
        "entityType": "field-type",
        "group": "Data Consent",
        "hideLabel": false,
        "icon": "icon-shield",
        "id": "00000000-0000-0000-0000-000000000000",
        "isConfigured": true,
        "mandatoryByDefault": false,
        "name": "Data Consent",
        "previewView": "Forms.FieldPreview.DataConsent",
        "renderInputType": "Single",
        "settings": [
          {
            "alias": "AcceptCopy",
            "defaultValue": "",
            "description": "The text used to confirm consent",
            "displayOrder": 10,
            "isMandatory": false,
            "isReadOnly": false,
            "name": "Accept Copy",
            "prevalues": [],
            "view": "Umb.PropertyEditorUi.TextBox",
          },
          {
            "alias": "ShowLabel",
            "defaultValue": "",
            "description": "Indicate whether the field's label should be shown when rendering the form.",
            "displayOrder": 20,
            "isMandatory": false,
            "isReadOnly": false,
            "name": "Show Label",
            "prevalues": [
              "true",
            ],
            "view": "Umb.PropertyEditorUi.Toggle",
          },
        ],
        "sortOrder": 80,
        "supportsMandatory": true,
        "supportsPrevalues": false,
        "supportsRegex": false,
        "supportsUploadTypes": false,
        "unique": "00000000-0000-0000-0000-000000000000",
        "view": "/App_Plugins/UmbracoForms/backoffice/Common/FieldTypes/dataconsent.html",
      },
      {
        "alias": "date",
        "configurationErrors": [],
        "description": "Renders a date picker",
        "entityType": "field-type",
        "group": "Simple",
        "hideLabel": false,
        "icon": "icon-calendar",
        "id": "00000000-0000-0000-0000-000000000000",
        "isConfigured": true,
        "mandatoryByDefault": false,
        "name": "Date",
        "previewView": "Forms.FieldPreview.DatePicker",
        "renderInputType": "Single",
        "settings": [
          {
            "alias": "Placeholder",
            "defaultValue": "",
            "description": "Enter a placeholder value.",
            "displayOrder": 10,
            "isMandatory": false,
            "isReadOnly": false,
            "name": "Placeholder",
            "prevalues": [],
            "view": "Umb.PropertyEditorUi.TextBox",
          },
          {
            "alias": "ShowLabel",
            "defaultValue": "True",
            "description": "Indicate whether the field's label should be shown when rendering the form.",
            "displayOrder": 20,
            "isMandatory": false,
            "isReadOnly": false,
            "name": "Show Label",
            "prevalues": [
              "true",
            ],
            "view": "Umb.PropertyEditorUi.Toggle",
          },
          {
            "alias": "AriaLabel",
            "defaultValue": "",
            "description": "Enter a description of how to select a date, used by assistive technologies such as screen readers.",
            "displayOrder": 30,
            "isMandatory": false,
            "isReadOnly": false,
            "name": "Assistive technology label",
            "prevalues": [],
            "view": "Umb.PropertyEditorUi.TextBox",
          },
          {
            "alias": "MinDate",
            "defaultValue": "",
            "description": "The minimum/earliest date that can be selected.",
            "displayOrder": 40,
            "isMandatory": false,
            "isReadOnly": false,
            "name": "Minimum date",
            "prevalues": [],
            "view": "Forms.PropertyEditorUi.DatePicker.Relative",
          },
          {
            "alias": "MaxDate",
            "defaultValue": "",
            "description": "The maximum/latest date that can be selected.",
            "displayOrder": 50,
            "isMandatory": false,
            "isReadOnly": false,
            "name": "Maximum date",
            "prevalues": [],
            "view": "Forms.PropertyEditorUi.DatePicker.Relative",
          },
        ],
        "sortOrder": 30,
        "supportsMandatory": true,
        "supportsPrevalues": false,
        "supportsRegex": false,
        "supportsUploadTypes": false,
        "unique": "00000000-0000-0000-0000-000000000000",
        "view": "/App_Plugins/UmbracoForms/backoffice/Common/FieldTypes/datepicker.html",
      },
      {
        "alias": "dropdown",
        "configurationErrors": [],
        "description": "Renders a list of values in a dropdown",
        "entityType": "field-type",
        "group": "List",
        "hideLabel": false,
        "icon": "icon-indent",
        "id": "00000000-0000-0000-0000-000000000000",
        "isConfigured": true,
        "mandatoryByDefault": false,
        "name": "Dropdown",
        "previewView": "Forms.FieldPreview.Dropdown",
        "renderInputType": "Single",
        "settings": [
          {
            "alias": "DefaultValue",
            "defaultValue": "",
            "description": "Enter a default value.",
            "displayOrder": 10,
            "isMandatory": false,
            "isReadOnly": false,
            "name": "Default Value",
            "prevalues": [],
            "view": "Umb.PropertyEditorUi.TextBox",
          },
          {
            "alias": "AllowMultipleSelections",
            "defaultValue": "",
            "description": "Indicate whether multiple selections from the list are allowed.",
            "displayOrder": 20,
            "isMandatory": false,
            "isReadOnly": false,
            "name": "Allow multiple selections",
            "prevalues": [],
            "view": "Umb.PropertyEditorUi.Toggle",
          },
          {
            "alias": "ShowLabel",
            "defaultValue": "True",
            "description": "Indicate whether the field's label should be shown when rendering the form.",
            "displayOrder": 30,
            "isMandatory": false,
            "isReadOnly": false,
            "name": "Show Label",
            "prevalues": [
              "true",
            ],
            "view": "Umb.PropertyEditorUi.Toggle",
          },
          {
            "alias": "AutocompleteAttribute",
            "defaultValue": "",
            "description": "Optionally enter a value for the autocomplete attribute.",
            "displayOrder": 40,
            "isMandatory": false,
            "isReadOnly": false,
            "name": "Autocomplete attribute",
            "prevalues": [],
            "view": "Umb.PropertyEditorUi.TextBox",
          },
          {
            "alias": "SelectPrompt",
            "defaultValue": "",
            "description": "Optionally provide a prompt for the user's selection.",
            "displayOrder": 40,
            "isMandatory": false,
            "isReadOnly": false,
            "name": "Prompt for selection",
            "prevalues": [],
            "view": "Umb.PropertyEditorUi.TextBox",
          },
        ],
        "sortOrder": 80,
        "supportsMandatory": true,
        "supportsPrevalues": true,
        "supportsRegex": false,
        "supportsUploadTypes": false,
        "unique": "00000000-0000-0000-0000-000000000000",
        "view": "/App_Plugins/UmbracoForms/backoffice/Common/FieldTypes/dropdownlist.html",
      },
      {
        "alias": "fileUpload",
        "configurationErrors": [],
        "description": "Renders an upload field, allowing files to be uploaded",
        "entityType": "field-type",
        "group": "Simple",
        "hideLabel": false,
        "icon": "icon-download-alt",
        "id": "00000000-0000-0000-0000-000000000000",
        "isConfigured": true,
        "mandatoryByDefault": false,
        "name": "File upload",
        "previewView": "Forms.FieldPreview.FileUpload",
        "renderInputType": "Single",
        "settings": [
          {
            "alias": "SelectedFilesListHeading",
            "defaultValue": "",
            "description": "The heading used for the list of selected files for upload on multi-page forms",
            "displayOrder": 10,
            "isMandatory": false,
            "isReadOnly": false,
            "name": "Selected Files List Heading",
            "prevalues": [],
            "view": "Umb.PropertyEditorUi.TextBox",
          },
          {
            "alias": "ShowLabel",
            "defaultValue": "True",
            "description": "Indicate whether the field's label should be shown when rendering the form.",
            "displayOrder": 20,
            "isMandatory": false,
            "isReadOnly": false,
            "name": "Show Label",
            "prevalues": [
              "true",
            ],
            "view": "Umb.PropertyEditorUi.Toggle",
          },
          {
            "alias": "ErrorMessageForMultipleFileUpload",
            "defaultValue": "Only one file can be uploaded.",
            "description": "The error message to display if more than one file is uploaded when only single files are configured. Leave empty to use a default message in English.",
            "displayOrder": 30,
            "isMandatory": false,
            "isReadOnly": false,
            "name": "Error message (multiple file uploads)",
            "prevalues": [],
            "view": "Umb.PropertyEditorUi.TextBox",
          },
          {
            "alias": "ErrorMessageForInvalidFileExtension",
            "defaultValue": "The file type ({0}) you tried to upload is not allowed.",
            "description": "The error message to display if a file with an extension that doesn't match the allowed list is uploaded. Leave empty to use a default message in English.",
            "displayOrder": 40,
            "isMandatory": false,
            "isReadOnly": false,
            "name": "Error message (extension does not match)",
            "prevalues": [],
            "view": "Umb.PropertyEditorUi.TextBox",
          },
          {
            "alias": "ErrorMessageForMissingFileExtension",
            "defaultValue": "A file type without an extension is not allowed.",
            "description": "The error message to display if a file without an extension is uploaded. Leave empty to use a default message in English.",
            "displayOrder": 50,
            "isMandatory": false,
            "isReadOnly": false,
            "name": "Error message (extension missing)",
            "prevalues": [],
            "view": "Umb.PropertyEditorUi.TextBox",
          },
          {
            "alias": "ErrorMessageForInvalidCharacterInFileName",
            "defaultValue": "The file you have uploaded has a name containing a character that is not allowed.",
            "description": "The error message to display if a file with an invalid character in its name is uploaded. Leave empty to use a default message in English.",
            "displayOrder": 60,
            "isMandatory": false,
            "isReadOnly": false,
            "name": "Error message (invalid character in file name)",
            "prevalues": [],
            "view": "Umb.PropertyEditorUi.TextBox",
          },
          {
            "alias": "ErrorMessageForFailedSecurityCheck",
            "defaultValue": "The file uploaded is not allowed.",
            "description": "The error message to display if a file failing a security check is uploaded. Leave empty to use a default message in English.",
            "displayOrder": 70,
            "isMandatory": false,
            "isReadOnly": false,
            "name": "Error message (failed security check)",
            "prevalues": [],
            "view": "Umb.PropertyEditorUi.TextBox",
          },
        ],
        "sortOrder": 50,
        "supportsMandatory": true,
        "supportsPrevalues": false,
        "supportsRegex": false,
        "supportsUploadTypes": true,
        "unique": "00000000-0000-0000-0000-000000000000",
        "view": "/App_Plugins/UmbracoForms/backoffice/Common/FieldTypes/fileupload.html",
      },
      {
        "alias": "hidden",
        "configurationErrors": [],
        "description": "Renders a HTML hidden field",
        "entityType": "field-type",
        "group": "Simple",
        "hideLabel": true,
        "icon": "icon-checkbox-dotted",
        "id": "00000000-0000-0000-0000-000000000000",
        "isConfigured": true,
        "mandatoryByDefault": false,
        "name": "Hidden",
        "previewView": "Forms.FieldPreview.HiddenField",
        "renderInputType": "Custom",
        "settings": [
          {
            "alias": "DefaultValue",
            "defaultValue": "",
            "description": "Enter a default value.",
            "displayOrder": 10,
            "isMandatory": false,
            "isReadOnly": false,
            "name": "Default Value",
            "prevalues": [],
            "view": "Umb.PropertyEditorUi.TextBox",
          },
        ],
        "sortOrder": 120,
        "supportsMandatory": true,
        "supportsPrevalues": false,
        "supportsRegex": false,
        "supportsUploadTypes": false,
        "unique": "00000000-0000-0000-0000-000000000000",
        "view": "/App_Plugins/UmbracoForms/backoffice/Common/FieldTypes/hiddenfield.html",
      },
      {
        "alias": "longAnswer",
        "configurationErrors": [],
        "description": "Renders a textarea, designed for longer answers",
        "entityType": "field-type",
        "group": "Simple",
        "hideLabel": false,
        "icon": "icon-autofill",
        "id": "00000000-0000-0000-0000-000000000000",
        "isConfigured": true,
        "mandatoryByDefault": false,
        "name": "Long answer",
        "previewView": "Forms.FieldPreview.TextArea",
        "renderInputType": "Single",
        "settings": [
          {
            "alias": "DefaultValue",
            "defaultValue": "",
            "description": "Enter a default value.",
            "displayOrder": 10,
            "isMandatory": false,
            "isReadOnly": false,
            "name": "Default Value",
            "prevalues": [],
            "view": "Umb.PropertyEditorUi.TextBox",
          },
          {
            "alias": "Placeholder",
            "defaultValue": "",
            "description": "Enter a HTML5 placeholder value.",
            "displayOrder": 20,
            "isMandatory": false,
            "isReadOnly": false,
            "name": "Placeholder",
            "prevalues": [],
            "view": "Umb.PropertyEditorUi.TextBox",
          },
          {
            "alias": "ShowLabel",
            "defaultValue": "True",
            "description": "Indicate whether the field's label should be shown when rendering the form.",
            "displayOrder": 30,
            "isMandatory": false,
            "isReadOnly": false,
            "name": "Show Label",
            "prevalues": [
              "true",
            ],
            "view": "Umb.PropertyEditorUi.Toggle",
          },
          {
            "alias": "AutocompleteAttribute",
            "defaultValue": "",
            "description": "Optionally enter a value for the autocomplete attribute.",
            "displayOrder": 40,
            "isMandatory": false,
            "isReadOnly": false,
            "name": "Autocomplete attribute",
            "prevalues": [],
            "view": "Umb.PropertyEditorUi.TextBox",
          },
          {
            "alias": "NumberOfRows",
            "defaultValue": "",
            "description": "Enter the number of rows displayed for entry",
            "displayOrder": 50,
            "isMandatory": false,
            "isReadOnly": false,
            "name": "Number Of Rows",
            "prevalues": [
              "1",
              "50",
              "2",
            ],
            "view": "Umb.PropertyEditorUi.Integer",
          },
          {
            "alias": "MaximumLength",
            "defaultValue": "",
            "description": "Enter the maximum number of characters accepted.",
            "displayOrder": 60,
            "isMandatory": false,
            "isReadOnly": false,
            "name": "Maximum Length",
            "prevalues": [
              "1",
            ],
            "view": "Umb.PropertyEditorUi.Integer",
          },
        ],
        "sortOrder": 20,
        "supportsMandatory": true,
        "supportsPrevalues": false,
        "supportsRegex": true,
        "supportsUploadTypes": false,
        "unique": "00000000-0000-0000-0000-000000000000",
        "view": "/App_Plugins/UmbracoForms/backoffice/Common/FieldTypes/textarea.html",
      },
      {
        "alias": "multipleChoice",
        "configurationErrors": [],
        "description": "Renders a collection of checkboxes to select multiple answers",
        "entityType": "field-type",
        "group": "List",
        "hideLabel": false,
        "icon": "icon-bulleted-list",
        "id": "00000000-0000-0000-0000-000000000000",
        "isConfigured": true,
        "mandatoryByDefault": false,
        "name": "Multiple choice",
        "previewView": "Forms.FieldPreview.CheckboxList",
        "renderInputType": "Multiple",
        "settings": [
          {
            "alias": "DisplayLayout",
            "defaultValue": "",
            "description": "Indicate whether the field's layout should be horizontal or vertical (default if not specified).",
            "displayOrder": 10,
            "isMandatory": false,
            "isReadOnly": false,
            "name": "Display Layout",
            "prevalues": [
              "Horizontal",
              "Vertical",
            ],
            "view": "Umb.PropertyEditorUi.Dropdown",
          },
          {
            "alias": "DefaultValue",
            "defaultValue": "",
            "description": "Enter a default value.",
            "displayOrder": 20,
            "isMandatory": false,
            "isReadOnly": false,
            "name": "Default Value",
            "prevalues": [],
            "view": "Umb.PropertyEditorUi.TextBox",
          },
          {
            "alias": "ShowLabel",
            "defaultValue": "True",
            "description": "Indicate whether the field's label should be shown when rendering the form.",
            "displayOrder": 30,
            "isMandatory": false,
            "isReadOnly": false,
            "name": "Show Label",
            "prevalues": [
              "true",
            ],
            "view": "Umb.PropertyEditorUi.Toggle",
          },
        ],
        "sortOrder": 70,
        "supportsMandatory": true,
        "supportsPrevalues": true,
        "supportsRegex": false,
        "supportsUploadTypes": false,
        "unique": "00000000-0000-0000-0000-000000000000",
        "view": "/App_Plugins/UmbracoForms/backoffice/Common/FieldTypes/checkboxlist.html",
      },
      {
        "alias": "password",
        "configurationErrors": [],
        "description": "Renders a password field",
        "entityType": "field-type",
        "group": "Simple",
        "hideLabel": false,
        "icon": "icon-lock",
        "id": "00000000-0000-0000-0000-000000000000",
        "isConfigured": true,
        "mandatoryByDefault": false,
        "name": "Password",
        "previewView": "Forms.FieldPreview.PasswordField",
        "renderInputType": "Single",
        "settings": [
          {
            "alias": "Placeholder",
            "defaultValue": "",
            "description": "Enter a HTML5 placeholder value.",
            "displayOrder": 10,
            "isMandatory": false,
            "isReadOnly": false,
            "name": "Placeholder",
            "prevalues": [],
            "view": "Umb.PropertyEditorUi.TextBox",
          },
          {
            "alias": "ShowLabel",
            "defaultValue": "True",
            "description": "Indicate whether the field's label should be shown when rendering the form.",
            "displayOrder": 20,
            "isMandatory": false,
            "isReadOnly": false,
            "name": "Show Label",
            "prevalues": [
              "true",
            ],
            "view": "Umb.PropertyEditorUi.Toggle",
          },
          {
            "alias": "AutocompleteAttribute",
            "defaultValue": "",
            "description": "Optionally enter a value for the autocomplete attribute.",
            "displayOrder": 60,
            "isMandatory": false,
            "isReadOnly": false,
            "name": "Autocomplete attribute",
            "prevalues": [],
            "view": "TextField",
          },
        ],
        "sortOrder": 60,
        "supportsMandatory": true,
        "supportsPrevalues": false,
        "supportsRegex": true,
        "supportsUploadTypes": false,
        "unique": "00000000-0000-0000-0000-000000000000",
        "view": "/App_Plugins/UmbracoForms/backoffice/Common/FieldTypes/password.html",
      },
      {
        "alias": "recaptchaEnterprise",
        "configurationErrors": [
          "reCAPTCHA Enterprise requires SiteKey, ApiKey, and ProjectId to be configured.",
        ],
        "description": "Google reCAPTCHA Enterprise with score threshold",
        "entityType": "field-type",
        "group": "Simple",
        "hideLabel": true,
        "icon": "icon-eye",
        "id": "00000000-0000-0000-0000-000000000000",
        "isConfigured": false,
        "mandatoryByDefault": false,
        "name": "reCAPTCHA Enterprise with score",
        "previewView": "Forms.FieldPreview.RecaptchaEnterprise",
        "renderInputType": "Single",
        "settings": [
          {
            "alias": "SaveScore",
            "defaultValue": "",
            "description": "Save the calculated score with the form submission.",
            "displayOrder": 0,
            "isMandatory": false,
            "isReadOnly": false,
            "name": "Save score",
            "prevalues": [],
            "view": "Umb.PropertyEditorUi.Toggle",
          },
          {
            "alias": "ScoreThreshold",
            "defaultValue": "",
            "description": "A reCAPTCHA Enterprise determined score between 0.1 and 1, above which form submissions are accepted. A higher value will catch more spam submissions, but also increase the risk of rejections of valid entries. For most sites, 0.5 is a sensible choice.",
            "displayOrder": 10,
            "isMandatory": false,
            "isReadOnly": false,
            "name": "Score threshold",
            "prevalues": [
              "0.0",
              "1.0",
              "0.1",
              "0.5",
            ],
            "view": "Umb.PropertyEditorUi.Slider",
          },
          {
            "alias": "ErrorMessage",
            "defaultValue": "",
            "description": "The error message to display when the user does not pass the reCAPTCHA check.",
            "displayOrder": 20,
            "isMandatory": false,
            "isReadOnly": false,
            "name": "Error message",
            "prevalues": [],
            "view": "Umb.PropertyEditorUi.TextArea",
          },
        ],
        "sortOrder": 130,
        "supportsMandatory": true,
        "supportsPrevalues": false,
        "supportsRegex": false,
        "supportsUploadTypes": false,
        "unique": "00000000-0000-0000-0000-000000000000",
        "view": "/App_Plugins/UmbracoForms/backoffice/Common/FieldTypes/recaptchaenterprise.html",
      },
      {
        "alias": "recaptcha3",
        "configurationErrors": [
          "reCAPTCHA v3 requires SiteKey and PrivateKey to be configured.",
        ],
        "description": "Google reCAPTCHA v3 with score threshold",
        "entityType": "field-type",
        "group": "Simple",
        "hideLabel": true,
        "icon": "icon-eye",
        "id": "00000000-0000-0000-0000-000000000000",
        "isConfigured": false,
        "mandatoryByDefault": false,
        "name": "reCAPTCHA v3 with score",
        "previewView": "Forms.FieldPreview.RecaptchaV3",
        "renderInputType": "Single",
        "settings": [
          {
            "alias": "SaveScore",
            "defaultValue": "",
            "description": "Save the calculated score with the form submission.",
            "displayOrder": 0,
            "isMandatory": false,
            "isReadOnly": false,
            "name": "Save score",
            "prevalues": [],
            "view": "Umb.PropertyEditorUi.Toggle",
          },
          {
            "alias": "ScoreThreshold",
            "defaultValue": "",
            "description": "A reCAPTCHA v3 determined score between 0 and 10, above which form submissions are accepted. A higher value will catch more spam submissions, but also increase the risk of rejections of valid entries. For most sites, 5 is a sensible choice.",
            "displayOrder": 10,
            "isMandatory": false,
            "isReadOnly": false,
            "name": "Score threshold",
            "prevalues": [
              "0.0",
              "1.0",
              "0.1",
              "0.5",
            ],
            "view": "Umb.PropertyEditorUi.Slider",
          },
          {
            "alias": "ErrorMessage",
            "defaultValue": "",
            "description": "The error message to display when the user does not pass the reCAPTCHA check.",
            "displayOrder": 20,
            "isMandatory": false,
            "isReadOnly": false,
            "name": "Error message",
            "prevalues": [],
            "view": "Umb.PropertyEditorUi.TextArea",
          },
        ],
        "sortOrder": 130,
        "supportsMandatory": true,
        "supportsPrevalues": false,
        "supportsRegex": false,
        "supportsUploadTypes": false,
        "unique": "00000000-0000-0000-0000-000000000000",
        "view": "/App_Plugins/UmbracoForms/backoffice/Common/FieldTypes/recaptcha3.html",
      },
      {
        "alias": "recaptcha2",
        "configurationErrors": [
          "reCAPTCHA v2 requires PublicKey and PrivateKey to be configured.",
        ],
        "description": "Google Recaptcha v2",
        "entityType": "field-type",
        "group": "Simple",
        "hideLabel": false,
        "icon": "icon-eye",
        "id": "00000000-0000-0000-0000-000000000000",
        "isConfigured": false,
        "mandatoryByDefault": false,
        "name": "Recaptcha2",
        "previewView": "Forms.FieldPreview.RecaptchaV2",
        "renderInputType": "Single",
        "settings": [
          {
            "alias": "Theme",
            "defaultValue": "",
            "description": "ReCaptcha v2 theme",
            "displayOrder": 10,
            "isMandatory": false,
            "isReadOnly": false,
            "name": "Theme",
            "prevalues": [
              "light",
              "dark",
            ],
            "view": "Umb.PropertyEditorUi.Dropdown",
          },
          {
            "alias": "Size",
            "defaultValue": "",
            "description": "ReCaptcha v2 size",
            "displayOrder": 20,
            "isMandatory": false,
            "isReadOnly": false,
            "name": "Size",
            "prevalues": [
              "normal",
              "compact",
            ],
            "view": "Umb.PropertyEditorUi.Dropdown",
          },
          {
            "alias": "ErrorMessage",
            "defaultValue": "",
            "description": "The error message to display when the user does not pass the reCAPTCHA check",
            "displayOrder": 30,
            "isMandatory": false,
            "isReadOnly": false,
            "name": "Error message",
            "prevalues": [],
            "view": "Umb.PropertyEditorUi.TextBox",
          },
          {
            "alias": "ShowLabel",
            "defaultValue": "True",
            "description": "Indicate whether the field's label should be shown when rendering the form.",
            "displayOrder": 40,
            "isMandatory": false,
            "isReadOnly": false,
            "name": "Show Label",
            "prevalues": [
              "true",
            ],
            "view": "Umb.PropertyEditorUi.Toggle",
          },
        ],
        "sortOrder": 120,
        "supportsMandatory": true,
        "supportsPrevalues": false,
        "supportsRegex": false,
        "supportsUploadTypes": false,
        "unique": "00000000-0000-0000-0000-000000000000",
        "view": "/App_Plugins/UmbracoForms/backoffice/Common/FieldTypes/recaptcha2.html",
      },
      {
        "alias": "richText",
        "configurationErrors": [],
        "description": "Provide some some descriptive text with formatting.",
        "entityType": "field-type",
        "group": "Simple",
        "hideLabel": true,
        "icon": "icon-code",
        "id": "00000000-0000-0000-0000-000000000000",
        "isConfigured": true,
        "mandatoryByDefault": false,
        "name": "Rich text",
        "previewView": "Forms.FieldPreview.Richtext",
        "renderInputType": "Single",
        "settings": [
          {
            "alias": "Html",
            "defaultValue": "",
            "description": "Enter your formatted text",
            "displayOrder": 10,
            "isMandatory": false,
            "isReadOnly": false,
            "name": "Rich text",
            "prevalues": [],
            "view": "Umb.PropertyEditorUi.Tiptap",
          },
          {
            "alias": "ShowLabel",
            "defaultValue": "",
            "description": "Indicate whether the field's label should be shown when rendering the form.",
            "displayOrder": 20,
            "isMandatory": false,
            "isReadOnly": false,
            "name": "Show Label",
            "prevalues": [
              "false",
            ],
            "view": "Umb.PropertyEditorUi.Toggle",
          },
        ],
        "sortOrder": 110,
        "supportsMandatory": false,
        "supportsPrevalues": false,
        "supportsRegex": false,
        "supportsUploadTypes": false,
        "unique": "00000000-0000-0000-0000-000000000000",
        "view": "/App_Plugins/UmbracoForms/backoffice/Common/FieldTypes/richtext.html",
      },
      {
        "alias": "shortAnswer",
        "configurationErrors": [],
        "description": "Renders an text input field, for short answers",
        "entityType": "field-type",
        "group": "Simple",
        "hideLabel": false,
        "icon": "icon-autofill",
        "id": "00000000-0000-0000-0000-000000000000",
        "isConfigured": true,
        "mandatoryByDefault": false,
        "name": "Short answer",
        "previewView": "Forms.FieldPreview.TextBox",
        "renderInputType": "Single",
        "settings": [
          {
            "alias": "DefaultValue",
            "defaultValue": "",
            "description": "Enter a default value.",
            "displayOrder": 10,
            "isMandatory": false,
            "isReadOnly": false,
            "name": "Default Value",
            "prevalues": [],
            "view": "Umb.PropertyEditorUi.TextBox",
          },
          {
            "alias": "Placeholder",
            "defaultValue": "",
            "description": "Enter a HTML5 placeholder value.",
            "displayOrder": 20,
            "isMandatory": false,
            "isReadOnly": false,
            "name": "Placeholder",
            "prevalues": [],
            "view": "Umb.PropertyEditorUi.TextBox",
          },
          {
            "alias": "ShowLabel",
            "defaultValue": "True",
            "description": "Indicate whether the field's label should be shown when rendering the form.",
            "displayOrder": 30,
            "isMandatory": false,
            "isReadOnly": false,
            "name": "Show Label",
            "prevalues": [
              "true",
            ],
            "view": "Umb.PropertyEditorUi.Toggle",
          },
          {
            "alias": "MaximumLength",
            "defaultValue": "",
            "description": "Enter the maximum number of characters accepted.",
            "displayOrder": 40,
            "isMandatory": false,
            "isReadOnly": false,
            "name": "Maximum Length",
            "prevalues": [
              "1",
              "255",
            ],
            "view": "Umb.PropertyEditorUi.Integer",
          },
          {
            "alias": "FieldType",
            "defaultValue": "",
            "description": "Select the type of information expected.",
            "displayOrder": 50,
            "isMandatory": false,
            "isReadOnly": false,
            "name": "Field Type",
            "prevalues": [
              "date",
              "datetime-local",
              "email",
              "tel",
              "text",
              "number",
              "time",
              "url",
              "week",
            ],
            "view": "Umb.PropertyEditorUi.Dropdown",
          },
          {
            "alias": "AutocompleteAttribute",
            "defaultValue": "",
            "description": "Optionally enter a value for the autocomplete attribute.",
            "displayOrder": 60,
            "isMandatory": false,
            "isReadOnly": false,
            "name": "Autocomplete attribute",
            "prevalues": [],
            "view": "Umb.PropertyEditorUi.TextBox",
          },
        ],
        "sortOrder": 10,
        "supportsMandatory": true,
        "supportsPrevalues": false,
        "supportsRegex": true,
        "supportsUploadTypes": false,
        "unique": "00000000-0000-0000-0000-000000000000",
        "view": "/App_Plugins/UmbracoForms/backoffice/Common/FieldTypes/textfield.html",
      },
      {
        "alias": "singleChoice",
        "configurationErrors": [],
        "description": "Renders a radio button list to enable a single choice answer",
        "entityType": "field-type",
        "group": "List",
        "hideLabel": false,
        "icon": "icon-target",
        "id": "00000000-0000-0000-0000-000000000000",
        "isConfigured": true,
        "mandatoryByDefault": false,
        "name": "Single choice",
        "previewView": "Forms.FieldPreview.RadioButtonList",
        "renderInputType": "Multiple",
        "settings": [
          {
            "alias": "DisplayLayout",
            "defaultValue": "",
            "description": "Indicate whether the field's layout should be horizontal or vertical (default if not specified).",
            "displayOrder": 10,
            "isMandatory": false,
            "isReadOnly": false,
            "name": "Display Layout",
            "prevalues": [
              "Horizontal",
              "Vertical",
            ],
            "view": "Umb.PropertyEditorUi.Dropdown",
          },
          {
            "alias": "DefaultValue",
            "defaultValue": "",
            "description": "Enter a default value.",
            "displayOrder": 20,
            "isMandatory": false,
            "isReadOnly": false,
            "name": "Default Value",
            "prevalues": [],
            "view": "Umb.PropertyEditorUi.TextBox",
          },
          {
            "alias": "ShowLabel",
            "defaultValue": "True",
            "description": "Indicate whether the field's label should be shown when rendering the form.",
            "displayOrder": 30,
            "isMandatory": false,
            "isReadOnly": false,
            "name": "Show Label",
            "prevalues": [
              "true",
            ],
            "view": "Umb.PropertyEditorUi.Toggle",
          },
        ],
        "sortOrder": 90,
        "supportsMandatory": true,
        "supportsPrevalues": true,
        "supportsRegex": false,
        "supportsUploadTypes": false,
        "unique": "00000000-0000-0000-0000-000000000000",
        "view": "/App_Plugins/UmbracoForms/backoffice/Common/FieldTypes/radiobuttonlist.html",
      },
      {
        "alias": "titleAndDescription",
        "configurationErrors": [],
        "description": "This is used to enter some descriptive text",
        "entityType": "field-type",
        "group": "Simple",
        "hideLabel": true,
        "icon": "icon-edit",
        "id": "00000000-0000-0000-0000-000000000000",
        "isConfigured": true,
        "mandatoryByDefault": false,
        "name": "Title and description",
        "previewView": "Forms.FieldPreview.TitleAndDescription",
        "renderInputType": "Single",
        "settings": [
          {
            "alias": "CaptionTag",
            "defaultValue": "h2",
            "description": "Select the tag to use when rendering the headline.",
            "displayOrder": 10,
            "isMandatory": false,
            "isReadOnly": false,
            "name": "Headline Tag",
            "prevalues": [
              "h2",
              "h3",
              "h4",
              "h5",
              "h6",
            ],
            "view": "Umb.PropertyEditorUi.Dropdown",
          },
          {
            "alias": "Caption",
            "defaultValue": "",
            "description": "Enter a Headline",
            "displayOrder": 20,
            "isMandatory": false,
            "isReadOnly": false,
            "name": "Headline",
            "prevalues": [],
            "view": "Umb.PropertyEditorUi.TextBox",
          },
          {
            "alias": "BodyText",
            "defaultValue": "",
            "description": "Enter your copy text",
            "displayOrder": 30,
            "isMandatory": false,
            "isReadOnly": false,
            "name": "Body Text",
            "prevalues": [],
            "view": "Umb.PropertyEditorUi.TextArea",
          },
          {
            "alias": "ShowLabel",
            "defaultValue": "",
            "description": "Indicate whether the field's label should be shown when rendering the form.",
            "displayOrder": 40,
            "isMandatory": false,
            "isReadOnly": false,
            "name": "Show Label",
            "prevalues": [
              "false",
            ],
            "view": "Umb.PropertyEditorUi.Toggle",
          },
        ],
        "sortOrder": 100,
        "supportsMandatory": false,
        "supportsPrevalues": false,
        "supportsRegex": false,
        "supportsUploadTypes": false,
        "unique": "00000000-0000-0000-0000-000000000000",
        "view": "/App_Plugins/UmbracoForms/backoffice/Common/FieldTypes/text.html",
      },
    ],
  },
}
`;
