// Jest Snapshot v1, https://jestjs.io/docs/snapshot-testing

exports[`get-acceptance-tests-system-info should return host system information 1`] = `
{
  "content": [],
  "structuredContent": {
    "isLinux": true,
    "isMacOS": false,
    "isSqlServer": true,
    "isSqlite": false,
    "isWindows": false,
  },
}
`;
