// Jest Snapshot v1, https://jestjs.io/docs/snapshot-testing

exports[`create-folder should create a folder at the root 1`] = `
{
  "content": [],
  "structuredContent": {
    "id": "00000000-0000-0000-0000-000000000000",
    "name": "_Test Create Folder",
    "parentId": null,
    "success": true,
  },
}
`;
